Microchip MPLAB XC8 Compiler V2.41

Linker command line:

-W-3 \
  --edf=C:/Users/Unlimited/.mchp_packs/Microchip/PIC18F-K_DFP/1.11.281/xc8\pic\dat\20230721151103_en.msgs \
  -cn -h+dist/default/production\pwm_led.X.production.sym \
  --cmf=dist/default/production\pwm_led.X.production.cmf -z -Q18F46K20 \
  -oC:\Users\Unlimited\AppData\Local\Temp\xcAs2js.\driver_tmp_3.o \
  --defsym=__MPLAB_BUILD=1 --fixupoverflow=error \
  -Mdist/default/production/pwm_led.X.production.map \
  --md=C:\Users\Unlimited\AppData\Local\Temp\xcAs2js.\driver_tmp_0.dat -E1 \
  -ver=XC8 Compiler --acfsm=1493 -ACODE=00h-0FFFFh -ACONST=00h-0FFFFh \
  -ASMALLCONST=01000h-010FFhx240 -AMEDIUMCONST=01000h-0FFFFh \
  -ACOMRAM=01h-05Fh -AABS1=00h-0F5Fh -ABIGRAM=01h-0F5Fh \
  -ARAM=060h-0FFh,0100h-01FFhx14,0F00h-0F5Fh -ABANK0=060h-0FFh \
  -ABANK1=0100h-01FFh -ABANK2=0200h-02FFh -ABANK3=0300h-03FFh \
  -ABANK4=0400h-04FFh -ABANK5=0500h-05FFh -ABANK6=0600h-06FFh \
  -ABANK7=0700h-07FFh -ABANK8=0800h-08FFh -ABANK9=0900h-09FFh \
  -ABANK10=0A00h-0AFFh -ABANK11=0B00h-0BFFh -ABANK12=0C00h-0CFFh \
  -ABANK13=0D00h-0DFFh -ABANK14=0E00h-0EFFh -ABANK15=0F00h-0F5Fh \
  -ASFR=0F60h-0FFFh -ABIGSFR=0F60h-0FFFh -ACONFIG=0300000h-030000Dh \
  -AIDLOC=0200000h-0200007h -AEEDATA=0F00000h-0F003FFh -peeprom_data=EEDATA \
  -preset_vec=00h,intcode,intcodelo,powerup,init -pramtop=01000h \
  -psmallconst=SMALLCONST -pmediumconst=MEDIUMCONST -pconst=CONST \
  -AFARRAM=00h-00h \
  -prdata=COMRAM,nvrram=COMRAM,nvbit=COMRAM,rbss=COMRAM,rbit=COMRAM \
  -pfarbss=FARRAM,fardata=FARRAM,nvFARRAM=FARRAM \
  -pintsave_regs=BIGRAM,bigbss=BIGRAM,bigdata=BIGRAM -pbss=RAM \
  -pidata=CODE,irdata=CODE,ibigdata=CODE,ifardata=CODE -prparam=COMRAM \
  C:\Users\Unlimited\AppData\Local\Temp\xcAs2js.\driver_tmp_9.o \
  dist/default/production\pwm_led.X.production.o 

Object code version is 3.11

Machine type is 18F46K20



                Name                               Link     Load   Length Selector   Space Scale
C:\Users\Unlimited\AppData\Local\Temp\xcAs2js.\driver_tmp_9.o
                idloc                            200000   200000        8        0       5
                config                           300000   300000        E        0       4
                init                                  0        0        4        0       0
dist/default/production\pwm_led.X.production.o
                idloc                            200000   200000        8        0       5
                config                           300000   300000        E        0       4
                text15                             FDD4     FDD4       3A     7EEA       0
                text14                             FCE0     FCE0       14     7E70       0
                text13                             FD36     FD36       18     7E9B       0
                text12                             FCB4     FCB4        4     7E5A       0
                text11                             FEE2     FEE2       74     7F71       0
                text10                             FE0E     FE0E       64     7F07       0
                text9                              FD4E     FD4E       26     7EA7       0
                text8                              FF56     FF56       AA     7FAB       0
                text7                              FD74     FD74       30     7EBA       0
                text6                              FCF4     FCF4       16     7E7A       0
                text5                              FCB8     FCB8        A     7E5C       0
                text4                              FDA4     FDA4       30     7ED2       0
                text3                              FCC2     FCC2        E     7E61       0
                text2                              FCD0     FCD0       10     7E68       0
                text1                              FD0A     FD0A       16     7E85       0
                text0                              FE72     FE72       70     7F39       0
                cstackCOMRAM                          D        D        A        1       1
                bssCOMRAM                             1        1        C        1       1
                cinit                              FD20     FD20       16     7E90       0

TOTAL           Name                               Link     Load   Length     Space
        CLASS   CODE           
                init                                  0        0        4         0
                text15                             FDD4     FDD4       3A         0
                text14                             FCE0     FCE0       14         0
                text13                             FD36     FD36       18         0
                text12                             FCB4     FCB4        4         0
                text11                             FEE2     FEE2       74         0
                text10                             FE0E     FE0E       64         0
                text9                              FD4E     FD4E       26         0
                text8                              FF56     FF56       AA         0
                text7                              FD74     FD74       30         0
                text6                              FCF4     FCF4       16         0
                text5                              FCB8     FCB8        A         0
                text4                              FDA4     FDA4       30         0
                text3                              FCC2     FCC2        E         0
                text2                              FCD0     FCD0       10         0
                text1                              FD0A     FD0A       16         0
                text0                              FE72     FE72       70         0
                cinit                              FD20     FD20       16         0

        CLASS   CONST          

        CLASS   SMALLCONST     

        CLASS   MEDIUMCONST    

        CLASS   COMRAM         
                cstackCOMRAM                          D        D        A         1
                bssCOMRAM                             1        1        C         1

        CLASS   ABS1           

        CLASS   BIGRAM         

        CLASS   RAM            

        CLASS   BANK0          

        CLASS   BANK1          

        CLASS   BANK2          

        CLASS   BANK3          

        CLASS   BANK4          

        CLASS   BANK5          

        CLASS   BANK6          

        CLASS   BANK7          

        CLASS   BANK8          

        CLASS   BANK9          

        CLASS   BANK10         

        CLASS   BANK11         

        CLASS   BANK12         

        CLASS   BANK13         

        CLASS   BANK14         

        CLASS   BANK15         

        CLASS   SFR            

        CLASS   BIGSFR         

        CLASS   CONFIG         
                config                           300000   300000        E         4

        CLASS   IDLOC          
                idloc                            200000   200000        8         5

        CLASS   EEDATA         

        CLASS   FARRAM         

        CLASS   HEAP           

        CLASS   STACK          



SEGMENTS        Name                           Load    Length   Top    Selector   Space  Class

                reset_vec                      000000  000004  000004         0       0  CODE    
                bssCOMRAM                      000001  000016  000017         1       1  COMRAM  
                text12                         00FCB4  000004  00FCB8      7E5A       0  CODE    
                text5                          00FCB8  00000A  00FCC2      7E5C       0  CODE    
                text3                          00FCC2  00000E  00FCD0      7E61       0  CODE    
                text2                          00FCD0  000010  00FCE0      7E68       0  CODE    
                text14                         00FCE0  000014  00FCF4      7E70       0  CODE    
                text6                          00FCF4  000016  00FD0A      7E7A       0  CODE    
                text1                          00FD0A  000016  00FD20      7E85       0  CODE    
                cinit                          00FD20  000016  00FD36      7E90       0  CODE    
                text13                         00FD36  000018  00FD4E      7E9B       0  CODE    
                text9                          00FD4E  000026  00FD74      7EA7       0  CODE    
                text7                          00FD74  000030  00FDA4      7EBA       0  CODE    
                text4                          00FDA4  000030  00FDD4      7ED2       0  CODE    
                text15                         00FDD4  00003A  00FE0E      7EEA       0  CODE    
                text10                         00FE0E  000064  00FE72      7F07       0  CODE    
                text0                          00FE72  000070  00FEE2      7F39       0  CODE    
                text11                         00FEE2  000074  00FF56      7F71       0  CODE    
                text8                          00FF56  0000AA  010000      7FAB       0  CODE    


UNUSED ADDRESS RANGES

        Name                Unused          Largest block    Delta
        BANK0            000060-0000FF               A0
        BANK1            000100-0001FF              100
        BANK10           000A00-000AFF              100
        BANK11           000B00-000BFF              100
        BANK12           000C00-000CFF              100
        BANK13           000D00-000DFF              100
        BANK14           000E00-000EFF              100
        BANK15           000F00-000F5F               60
        BANK2            000200-0002FF              100
        BANK3            000300-0003FF              100
        BANK4            000400-0004FF              100
        BANK5            000500-0005FF              100
        BANK6            000600-0006FF              100
        BANK7            000700-0007FF              100
        BANK8            000800-0008FF              100
        BANK9            000900-0009FF              100
        BIGRAM           000017-000F5F              F49
        BIGSFR           000F60-000FFF               A0
        CODE             000004-00FCB3             FCB0
        COMRAM           000017-00005F               49
        CONST            000004-00FCB3             FCB0
        EEDATA           F00000-F003FF              400
        MEDIUMCONST      001000-00FCB3             ECB4
        RAM              000060-000F5F              100
        SFR              000F60-000FFF               A0
        SMALLCONST       001000-00FCB3              100

                                  Symbol Table

?_ADC_GetConversion             cstackCOMRAM 00000D
?___lwdiv                       cstackCOMRAM 00000D
?___lwmod                       cstackCOMRAM 00000D
?___wmul                        cstackCOMRAM 00000D
ADC_GetConversion@channel       cstackCOMRAM 000011
ADC_SelectChannel@channel       cstackCOMRAM 00000E
ConvertADCVoltage@adc_conv_data cstackCOMRAM 000014
PWM2_LoadDutyValue@dutyValue    cstackCOMRAM 000013
_ADCON0                         (abs)        000FC2
_ADCON0bits                     (abs)        000FC2
_ADCON1                         (abs)        000FC1
_ADCON2                         (abs)        000FC0
_ADC_GetConversion              text15       00FDD4
_ADC_Initialize                 text6        00FCF4
_ADC_InterruptHandler           bssCOMRAM    000001
_ADC_IsConversionDone           text14       00FCE0
_ADC_SelectChannel              text13       00FD36
_ADC_StartConversion            text12       00FCB4
_ADRESH                         (abs)        000FC4
_ADRESL                         (abs)        000FC3
_ANSEL                          (abs)        000F7E
_ANSELH                         (abs)        000F7F
_CCP2CON                        (abs)        000FBA
_CCPR2H                         (abs)        000FBC
_CCPR2L                         (abs)        000FBB
_ConvertADCVoltage              text8        00FF56
_INTCON2bits                    (abs)        000FF1
_INTCONbits                     (abs)        000FF2
_LATA                           (abs)        000F89
_LATB                           (abs)        000F8A
_LATC                           (abs)        000F8B
_LATD                           (abs)        000F8C
_LATE                           (abs)        000F8D
_OSCCON                         (abs)        000FD3
_OSCILLATOR_Initialize          text5        00FCB8
_OSCTUNE                        (abs)        000F9B
_PIN_MANAGER_Initialize         text4        00FDA4
_PIR1bits                       (abs)        000F9E
_PR2                            (abs)        000FCB
_PWM2_Initialize                text3        00FCC2
_PWM2_LoadDutyValue             text7        00FD74
_SYSTEM_Initialize              text1        00FD0A
_T2CON                          (abs)        000FCA
_T2CONbits                      (abs)        000FCA
_TMR2                           (abs)        000FCC
_TMR2_Initialize                text2        00FCD0
_TRISA                          (abs)        000F92
_TRISB                          (abs)        000F93
_TRISC                          (abs)        000F94
_TRISD                          (abs)        000F95
_TRISE                          (abs)        000F96
_WPUB                           (abs)        000F7C
__HRAM                          (abs)        000000
__H__absolute__                 __absolute__ 000000
__Habs1                         abs1         000000
__Hbank0                        bank0        000000
__Hbank1                        bank1        000000
__Hbank10                       bank10       000000
__Hbank11                       bank11       000000
__Hbank12                       bank12       000000
__Hbank13                       bank13       000000
__Hbank14                       bank14       000000
__Hbank15                       bank15       000000
__Hbank2                        bank2        000000
__Hbank3                        bank3        000000
__Hbank4                        bank4        000000
__Hbank5                        bank5        000000
__Hbank6                        bank6        000000
__Hbank7                        bank7        000000
__Hbank8                        bank8        000000
__Hbank9                        bank9        000000
__Hbigbss                       bigbss       000000
__Hbigdata                      bigdata      000000
__Hbigram                       bigram       000000
__Hbigsfr                       bigsfr       000000
__Hbss                          bss          000000
__HbssCOMRAM                    bssCOMRAM    000000
__Hcinit                        cinit        000000
__Hclrtext                      clrtext      000000
__Hcomram                       comram       000000
__Hconfig                       config       30000E
__Hconst                        const        000000
__HcstackCOMRAM                 cstackCOMRAM 000000
__Hdata                         data         000000
__Heeprom_data                  eeprom_data  000000
__Hfarbss                       farbss       000000
__Hfardata                      fardata      000000
__Hheap                         heap         000000
__Hibigdata                     ibigdata     000000
__Hidata                        idata        000000
__Hidloc                        idloc        200008
__Hifardata                     ifardata     000000
__Hinit                         init         000004
__Hintcode                      intcode      000000
__Hintcode_body                 intcode_body 000000
__Hintcodelo                    intcodelo    000000
__Hintentry                     intentry     000000
__Hintret                       intret       000000
__Hintsave_regs                 intsave_regs 000000
__Hirdata                       irdata       000000
__Hmediumconst                  mediumconst  000000
__HnvFARRAM                     nvFARRAM     000000
__Hnvbit                        nvbit        000000
__Hnvrram                       nvrram       000000
__Hparam                        rparam       000000
__Hpowerup                      powerup      000000
__Hram                          ram          000000
__Hramtop                       ramtop       001000
__Hrbit                         rbit         000000
__Hrbss                         rbss         000000
__Hrdata                        rdata        000000
__Hreset_vec                    reset_vec    000000
__Hrparam                       rparam       000000
__Hsfr                          sfr          000000
__Hsmallconst                   smallconst   000000
__Hspace_0                      (abs)        010000
__Hspace_1                      (abs)        000017
__Hspace_2                      (abs)        000000
__Hspace_4                      (abs)        60000E
__Hstack                        stack        000000
__Hstruct                       struct       000000
__Htemp                         temp         000000
__Htext                         text         000000
__Htext0                        text0        000000
__Htext1                        text1        000000
__Htext10                       text10       000000
__Htext11                       text11       000000
__Htext12                       text12       000000
__Htext13                       text13       000000
__Htext14                       text14       000000
__Htext15                       text15       000000
__Htext2                        text2        000000
__Htext3                        text3        000000
__Htext4                        text4        000000
__Htext5                        text5        000000
__Htext6                        text6        000000
__Htext7                        text7        000000
__Htext8                        text8        000000
__Htext9                        text9        000000
__LRAM                          (abs)        000001
__L__absolute__                 __absolute__ 000000
__Labs1                         abs1         000000
__Lbank0                        bank0        000000
__Lbank1                        bank1        000000
__Lbank10                       bank10       000000
__Lbank11                       bank11       000000
__Lbank12                       bank12       000000
__Lbank13                       bank13       000000
__Lbank14                       bank14       000000
__Lbank15                       bank15       000000
__Lbank2                        bank2        000000
__Lbank3                        bank3        000000
__Lbank4                        bank4        000000
__Lbank5                        bank5        000000
__Lbank6                        bank6        000000
__Lbank7                        bank7        000000
__Lbank8                        bank8        000000
__Lbank9                        bank9        000000
__Lbigbss                       bigbss       000000
__Lbigdata                      bigdata      000000
__Lbigram                       bigram       000000
__Lbigsfr                       bigsfr       000000
__Lbss                          bss          000000
__LbssCOMRAM                    bssCOMRAM    000000
__Lcinit                        cinit        000000
__Lclrtext                      clrtext      000000
__Lcomram                       comram       000000
__Lconfig                       config       000000
__Lconst                        const        000000
__LcstackCOMRAM                 cstackCOMRAM 000000
__Ldata                         data         000000
__Leeprom_data                  eeprom_data  000000
__Lfarbss                       farbss       000000
__Lfardata                      fardata      000000
__Lheap                         heap         000000
__Libigdata                     ibigdata     000000
__Lidata                        idata        000000
__Lidloc                        idloc        000000
__Lifardata                     ifardata     000000
__Linit                         init         000000
__Lintcode                      intcode      000000
__Lintcode_body                 intcode_body 000000
__Lintcodelo                    intcodelo    000000
__Lintentry                     intentry     000000
__Lintret                       intret       000000
__Lintsave_regs                 intsave_regs 000000
__Lirdata                       irdata       000000
__Lmediumconst                  mediumconst  000000
__LnvFARRAM                     nvFARRAM     000000
__Lnvbit                        nvbit        000000
__Lnvrram                       nvrram       000000
__Lparam                        rparam       000000
__Lpowerup                      powerup      000000
__Lram                          ram          000000
__Lramtop                       ramtop       001000
__Lrbit                         rbit         000000
__Lrbss                         rbss         000000
__Lrdata                        rdata        000000
__Lreset_vec                    reset_vec    000000
__Lrparam                       rparam       000000
__Lsfr                          sfr          000000
__Lsmallconst                   smallconst   000000
__Lspace_0                      (abs)        000000
__Lspace_1                      (abs)        000000
__Lspace_2                      (abs)        000000
__Lspace_4                      (abs)        000000
__Lstack                        stack        000000
__Lstruct                       struct       000000
__Ltemp                         temp         000000
__Ltext                         text         000000
__Ltext0                        text0        000000
__Ltext1                        text1        000000
__Ltext10                       text10       000000
__Ltext11                       text11       000000
__Ltext12                       text12       000000
__Ltext13                       text13       000000
__Ltext14                       text14       000000
__Ltext15                       text15       000000
__Ltext2                        text2        000000
__Ltext3                        text3        000000
__Ltext4                        text4        000000
__Ltext5                        text5        000000
__Ltext6                        text6        000000
__Ltext7                        text7        000000
__Ltext8                        text8        000000
__Ltext9                        text9        000000
__S0                            (abs)        010000
__S1                            (abs)        000017
__S4                            (abs)        000000
__S5                            (abs)        000000
___heap_hi                      (abs)        000000
___heap_lo                      (abs)        000000
___inthi_sp                     stack        000000
___intlo_sp                     stack        000000
___lwdiv                        text11       00FEE2
___lwdiv@counter                cstackCOMRAM 000013
___lwdiv@dividend               cstackCOMRAM 00000D
___lwdiv@divisor                cstackCOMRAM 00000F
___lwdiv@quotient               cstackCOMRAM 000011
___lwmod                        text10       00FE0E
___lwmod@counter                cstackCOMRAM 000011
___lwmod@dividend               cstackCOMRAM 00000D
___lwmod@divisor                cstackCOMRAM 00000F
___param_bank                   (abs)        000000
___rparam_used                  (abs)        000001
___sp                           stack        000000
___wmul                         text9        00FD4E
___wmul@multiplicand            cstackCOMRAM 00000F
___wmul@multiplier              cstackCOMRAM 00000D
___wmul@product                 cstackCOMRAM 000011
__accesstop                     (abs)        000060
__activetblptr                  (abs)        000002
__end_of_ADC_GetConversion      text15       00FE0E
__end_of_ADC_Initialize         text6        00FD0A
__end_of_ADC_IsConversionDone   text14       00FCF4
__end_of_ADC_SelectChannel      text13       00FD4E
__end_of_ADC_StartConversion    text12       00FCB8
__end_of_ConvertADCVoltage      text8        010000
__end_of_OSCILLATOR_Initialize  text5        00FCC2
__end_of_PIN_MANAGER_Initialize text4        00FDD4
__end_of_PWM2_Initialize        text3        00FCD0
__end_of_PWM2_LoadDutyValue     text7        00FDA4
__end_of_SYSTEM_Initialize      text1        00FD20
__end_of_TMR2_Initialize        text2        00FCE0
__end_of___lwdiv                text11       00FF56
__end_of___lwmod                text10       00FE72
__end_of___wmul                 text9        00FD74
__end_of__initialization        cinit        00FD2C
__end_of_main                   text0        00FEE2
__initialization                cinit        00FD20
__mediumconst                   mediumconst  000000
__pbssCOMRAM                    bssCOMRAM    000001
__pcinit                        cinit        00FD20
__pcstackCOMRAM                 cstackCOMRAM 00000D
__ptext0                        text0        00FE72
__ptext1                        text1        00FD0A
__ptext10                       text10       00FE0E
__ptext11                       text11       00FEE2
__ptext12                       text12       00FCB4
__ptext13                       text13       00FD36
__ptext14                       text14       00FCE0
__ptext15                       text15       00FDD4
__ptext2                        text2        00FCD0
__ptext3                        text3        00FCC2
__ptext4                        text4        00FDA4
__ptext5                        text5        00FCB8
__ptext6                        text6        00FCF4
__ptext7                        text7        00FD74
__ptext8                        text8        00FF56
__ptext9                        text9        00FD4E
__ramtop                        ramtop       001000
__smallconst                    smallconst   000000
_adcVoltValue                   bssCOMRAM    000005
_adhundredth                    bssCOMRAM    000007
_adones                         bssCOMRAM    00000B
_adtenth                        bssCOMRAM    000009
_convertedValue                 bssCOMRAM    000003
_main                           text0        00FE72
end_of_initialization           cinit        00FD2C
intlevel0                       text         000000
intlevel1                       text         000000
intlevel2                       text         000000
intlevel3                       text         000000
isa$std                         (abs)        000001
isa$xinst                       (abs)        000000
stackhi                         (abs)        000000
stacklo                         (abs)        000000
start                           init         000000
start_initialization            cinit        00FD20


MODULE INFORMATION

Module		Function		Class		Link	Load	Size
E:\Program Files\Microchip\xc8\v2.41\pic\sources\c99\common\Umul16.c
		___wmul        		CODE           	FD4E	0000	38

E:\Program Files\Microchip\xc8\v2.41\pic\sources\c99\common\Umul16.c estimated size: 38

E:\Program Files\Microchip\xc8\v2.41\pic\sources\c99\common\lwmod.c
		___lwmod       		CODE           	FE0E	0000	100

E:\Program Files\Microchip\xc8\v2.41\pic\sources\c99\common\lwmod.c estimated size: 100

mcc_generated_files/tmr2.c
		_TMR2_Initialize		CODE           	FCD0	0000	16

mcc_generated_files/tmr2.c estimated size: 16

mcc_generated_files/pwm2.c
		_PWM2_Initialize		CODE           	FCC2	0000	14
		_PWM2_LoadDutyValue		CODE           	FD74	0000	48

mcc_generated_files/pwm2.c estimated size: 62

mcc_generated_files/pin_manager.c
		_PIN_MANAGER_Initialize		CODE           	FDA4	0000	48

mcc_generated_files/pin_manager.c estimated size: 48

mcc_generated_files/adc.c
		_ADC_Initialize		CODE           	FCF4	0000	22
		_ADC_IsConversionDone		CODE           	FCE0	0000	20
		_ADC_GetConversion		CODE           	FDD4	0000	58
		_ADC_StartConversion		CODE           	FCB4	0000	4
		_ADC_SelectChannel		CODE           	FD36	0000	24

mcc_generated_files/adc.c estimated size: 128

E:\Program Files\Microchip\xc8\v2.41\pic\sources\c99\common\lwdiv.c
		___lwdiv       		CODE           	FEE2	0000	116

E:\Program Files\Microchip\xc8\v2.41\pic\sources\c99\common\lwdiv.c estimated size: 116

shared
		__initialization		CODE           	FD20	0000	12

shared estimated size: 12

mcc_generated_files/mcc.c
		_OSCILLATOR_Initialize		CODE           	FCB8	0000	10
		_SYSTEM_Initialize		CODE           	FD0A	0000	22

mcc_generated_files/mcc.c estimated size: 32

main.c
		_main          		CODE           	FE72	0000	112
		_ConvertADCVoltage		CODE           	FF56	0000	170

main.c estimated size: 282

