Microchip MPLAB XC8 Compiler V2.41

Linker command line:

-W-3 \
  --edf=C:/Users/Unlimited/.mchp_packs/Microchip/PIC18F-K_DFP/1.11.281/xc8\pic\dat\20230721151103_en.msgs \
  -cn -h+dist/default/production\uart_adc_led.X.production.sym \
  --cmf=dist/default/production\uart_adc_led.X.production.cmf -z -Q18F46K20 \
  -oC:\Users\Unlimited\AppData\Local\Temp\xcAs10sk.\driver_tmp_3.o \
  --defsym=__MPLAB_BUILD=1 --fixupoverflow=error \
  -Mdist/default/production/uart_adc_led.X.production.map \
  --md=C:\Users\Unlimited\AppData\Local\Temp\xcAs10sk.\driver_tmp_0.dat -E1 \
  -ver=XC8 Compiler --acfsm=1493 -ACODE=00h-0FFFFh -ACONST=00h-0FFFFh \
  -ASMALLCONST=01000h-010FFhx240 -AMEDIUMCONST=01000h-0FFFFh \
  -ACOMRAM=01h-05Fh -AABS1=00h-0F5Fh -ABIGRAM=01h-0F5Fh \
  -ARAM=060h-0FFh,0100h-01FFhx14,0F00h-0F5Fh -ABANK0=060h-0FFh \
  -ABANK1=0100h-01FFh -ABANK2=0200h-02FFh -ABANK3=0300h-03FFh \
  -ABANK4=0400h-04FFh -ABANK5=0500h-05FFh -ABANK6=0600h-06FFh \
  -ABANK7=0700h-07FFh -ABANK8=0800h-08FFh -ABANK9=0900h-09FFh \
  -ABANK10=0A00h-0AFFh -ABANK11=0B00h-0BFFh -ABANK12=0C00h-0CFFh \
  -ABANK13=0D00h-0DFFh -ABANK14=0E00h-0EFFh -ABANK15=0F00h-0F5Fh \
  -ASFR=0F60h-0FFFh -ABIGSFR=0F60h-0FFFh -ACONFIG=0300000h-030000Dh \
  -AIDLOC=0200000h-0200007h -AEEDATA=0F00000h-0F003FFh -peeprom_data=EEDATA \
  -preset_vec=00h,intcode,intcodelo,powerup,init -pramtop=01000h \
  -psmallconst=SMALLCONST -pmediumconst=MEDIUMCONST -pconst=CONST \
  -AFARRAM=00h-00h \
  -prdata=COMRAM,nvrram=COMRAM,nvbit=COMRAM,rbss=COMRAM,rbit=COMRAM \
  -pfarbss=FARRAM,fardata=FARRAM,nvFARRAM=FARRAM \
  -pintsave_regs=BIGRAM,bigbss=BIGRAM,bigdata=BIGRAM -pbss=RAM \
  -pidata=CODE,irdata=CODE,ibigdata=CODE,ifardata=CODE -prparam=COMRAM \
  C:\Users\Unlimited\AppData\Local\Temp\xcAs10sk.\driver_tmp_14.o \
  dist/default/production\uart_adc_led.X.production.o 

Object code version is 3.11

Machine type is 18F46K20



                Name                               Link     Load   Length Selector   Space Scale
C:\Users\Unlimited\AppData\Local\Temp\xcAs10sk.\driver_tmp_14.o
                idloc                            200000   200000        8        0       5
                config                           300000   300000        E        0       4
                init                                  0        0        4        0       0
dist/default/production\uart_adc_led.X.production.o
                idloc                            200000   200000        8        0       5
                config                           300000   300000        E        0       4
                smallconst                         1000     1000       1C      800       0
                text30                             195E     195E       3A      80E       0
                text29                             1A7A     1A7A       14      80E       0
                text28                             1A36     1A36       18      80E       0
                text27                             1AC8     1AC8        4      80E       0
                text26                             16EE     16EE       74      80E       0
                text25                             1762     1762       64      80E       0
                text24                             19F2     19F2       26      80E       0
                text23                             15CA     15CA       AA      80E       0
                text22                             1A64     1A64       16      80E       0
                text21                             1924     1924       3A      80E       0
                text20                             19CA     19CA       28      80E       0
                text19                             1A4E     1A4E       16      80E       0
                text18                             1ABE     1ABE        A      80E       0
                text17                             1AB4     1AB4        A      80E       0
                text16                             1AAA     1AAA        A      80E       0
                text15                             18E6     18E6       3E      80E       0
                text14                             1AA0     1AA0        A      80E       0
                text13                             1998     1998       32      80E       0
                text12                             1A8E     1A8E       12      80E       0
                text11                             13A6     13A6       C4      80E       0
                text10                             151A     151A       B0      80E       0
                text9                              18A6     18A6       40      80E       0
                text8                              1ACC     1ACC        2      80E       0
                text7                              12DC     12DC       CA      80E       0
                text6                              1862     1862       44      80E       0
                text5                              1674     1674       7A      80E       0
                text4                              101C     101C      194      80E       0
                text3                              11B0     11B0      12C      80E       0
                text2                              17C6     17C6       50      80E       0
                text1                              1816     1816       4C      80E       0
                text0                              146A     146A       B0      80E       0
                cstackCOMRAM                          1        1       56        1       1
                cstackBANK0                          60       60       32       60       1
                bssBANK0                             92       92       28       60       1
                bssCOMRAM                            57       57        8        1       1
                cinit                              1A18     1A18       1E      80E       0
                nvBANK0                              BA       BA        8       60       1

TOTAL           Name                               Link     Load   Length     Space
        CLASS   CODE           
                init                                  0        0        4         0
                text30                             195E     195E       3A         0
                text29                             1A7A     1A7A       14         0
                text28                             1A36     1A36       18         0
                text27                             1AC8     1AC8        4         0
                text26                             16EE     16EE       74         0
                text25                             1762     1762       64         0
                text24                             19F2     19F2       26         0
                text23                             15CA     15CA       AA         0
                text22                             1A64     1A64       16         0
                text21                             1924     1924       3A         0
                text20                             19CA     19CA       28         0
                text19                             1A4E     1A4E       16         0
                text18                             1ABE     1ABE        A         0
                text17                             1AB4     1AB4        A         0
                text16                             1AAA     1AAA        A         0
                text15                             18E6     18E6       3E         0
                text14                             1AA0     1AA0        A         0
                text13                             1998     1998       32         0
                text12                             1A8E     1A8E       12         0
                text11                             13A6     13A6       C4         0
                text10                             151A     151A       B0         0
                text9                              18A6     18A6       40         0
                text8                              1ACC     1ACC        2         0
                text7                              12DC     12DC       CA         0
                text6                              1862     1862       44         0
                text5                              1674     1674       7A         0
                text4                              101C     101C      194         0
                text3                              11B0     11B0      12C         0
                text2                              17C6     17C6       50         0
                text1                              1816     1816       4C         0
                text0                              146A     146A       B0         0
                cinit                              1A18     1A18       1E         0

        CLASS   CONST          

        CLASS   SMALLCONST     
                smallconst                         1000     1000       1C         0

        CLASS   MEDIUMCONST    

        CLASS   COMRAM         
                cstackCOMRAM                          1        1       56         1
                bssCOMRAM                            57       57        8         1

        CLASS   ABS1           

        CLASS   BIGRAM         

        CLASS   RAM            

        CLASS   BANK0          
                cstackBANK0                          60       60       32         1
                bssBANK0                             92       92       28         1
                nvBANK0                              BA       BA        8         1

        CLASS   BANK1          

        CLASS   BANK2          

        CLASS   BANK3          

        CLASS   BANK4          

        CLASS   BANK5          

        CLASS   BANK6          

        CLASS   BANK7          

        CLASS   BANK8          

        CLASS   BANK9          

        CLASS   BANK10         

        CLASS   BANK11         

        CLASS   BANK12         

        CLASS   BANK13         

        CLASS   BANK14         

        CLASS   BANK15         

        CLASS   SFR            

        CLASS   BIGSFR         

        CLASS   CONFIG         
                config                           300000   300000        E         4

        CLASS   IDLOC          
                idloc                            200000   200000        8         5

        CLASS   EEDATA         

        CLASS   FARRAM         

        CLASS   HEAP           

        CLASS   STACK          



SEGMENTS        Name                           Load    Length   Top    Selector   Space  Class

                reset_vec                      000000  000004  000004         0       0  CODE    
                cstackCOMRAM                   000001  00005E  00005F         1       1  COMRAM  
                cstackBANK0                    000060  000062  0000C2        60       1  BANK0   
                smallconst                     001000  00001C  00101C       800       0  SMALLCON
                text4                          00101C  000AB2  001ACE       80E       0  CODE    


UNUSED ADDRESS RANGES

        Name                Unused          Largest block    Delta
        BANK0            0000C2-0000FF               3E
        BANK1            000100-0001FF              100
        BANK10           000A00-000AFF              100
        BANK11           000B00-000BFF              100
        BANK12           000C00-000CFF              100
        BANK13           000D00-000DFF              100
        BANK14           000E00-000EFF              100
        BANK15           000F00-000F5F               60
        BANK2            000200-0002FF              100
        BANK3            000300-0003FF              100
        BANK4            000400-0004FF              100
        BANK5            000500-0005FF              100
        BANK6            000600-0006FF              100
        BANK7            000700-0007FF              100
        BANK8            000800-0008FF              100
        BANK9            000900-0009FF              100
        BIGRAM           00005F-00005F                1
                         0000C2-000F5F              E9E
        BIGSFR           000F60-000FFF               A0
        CODE             000004-000FFF              FFC
                         001ACE-00FFFF             E532
        COMRAM           00005F-00005F                1
        CONST            000004-000FFF              FFC
                         001ACE-00FFFF             E532
        EEDATA           F00000-F003FF              400
        MEDIUMCONST      001ACE-00FFFF             E532
        RAM              0000C2-000F5F              100
        SFR              000F60-000FFF               A0
        SMALLCONST       001ACE-00FFFF              100

                                  Symbol Table

?_ADC_GetConversion                            cstackCOMRAM 000001
?___awdiv                                      cstackCOMRAM 000001
?___awmod                                      cstackCOMRAM 000001
?___lwdiv                                      cstackCOMRAM 000001
?___lwmod                                      cstackCOMRAM 000001
?___wmul                                       cstackCOMRAM 000001
?_abs                                          cstackCOMRAM 000007
?_sprintf                                      cstackCOMRAM 00003F
?_vfprintf                                     cstackCOMRAM 000037
ADC_GetConversion@channel                      cstackCOMRAM 000005
ADC_SelectChannel@channel                      cstackCOMRAM 000002
ConvertADCVoltage@adc_conv_data                cstackCOMRAM 000008
EUSART_SetErrorHandler@interruptHandler        cstackCOMRAM 000001
EUSART_SetFramingErrorHandler@interruptHandler cstackCOMRAM 000001
EUSART_SetOverrunErrorHandler@interruptHandler cstackCOMRAM 000001
EUSART_Write@i                                 cstackCOMRAM 000004
EUSART_Write@txData                            cstackCOMRAM 000002
EUSART_WriteByte@txData                        cstackCOMRAM 000001
_ADCON0                                        (abs)        000FC2
_ADCON0bits                                    (abs)        000FC2
_ADCON1                                        (abs)        000FC1
_ADCON2                                        (abs)        000FC0
_ADC_GetConversion                             text30       00195E
_ADC_Initialize                                text19       001A4E
_ADC_InterruptHandler                          bssBANK0     000098
_ADC_IsConversionDone                          text29       001A7A
_ADC_SelectChannel                             text28       001A36
_ADC_StartConversion                           text27       001AC8
_ADRESH                                        (abs)        000FC4
_ADRESL                                        (abs)        000FC3
_ANSEL                                         (abs)        000F7E
_ANSELH                                        (abs)        000F7F
_BAUDCON                                       (abs)        000FB8
_ConvertADCVoltage                             text23       0015CA
_EUSART_DefaultErrorHandler                    (abs)        000000
_EUSART_DefaultFramingErrorHandler             (abs)        000000
_EUSART_DefaultOverrunErrorHandler             (abs)        000000
_EUSART_ErrorHandler                           nvBANK0      0000BA
_EUSART_FramingErrorHandler                    nvBANK0      0000BE
_EUSART_Initialize                             text15       0018E6
_EUSART_OverrunErrorHandler                    nvBANK0      0000BC
_EUSART_SetErrorHandler                        text18       001ABE
_EUSART_SetFramingErrorHandler                 text17       001AB4
_EUSART_SetOverrunErrorHandler                 text16       001AAA
_EUSART_Write                                  text21       001924
_EUSART_WriteByte                              text22       001A64
_EUSART_is_tx_ready                            text20       0019CA
_EUSART_is_tx_ready$426                        cstackCOMRAM 000001
_INTCON2bits                                   (abs)        000FF1
_INTCONbits                                    (abs)        000FF2
_LATA                                          (abs)        000F89
_LATB                                          (abs)        000F8A
_LATC                                          (abs)        000F8B
_LATD                                          (abs)        000F8C
_LATDbits                                      (abs)        000F8C
_LATE                                          (abs)        000F8D
_OSCCON                                        (abs)        000FD3
_OSCILLATOR_Initialize                         text14       001AA0
_OSCTUNE                                       (abs)        000F9B
_PIN_MANAGER_Initialize                        text13       001998
_PIR1bits                                      (abs)        000F9E
_RCREG                                         (abs)        000FAE
_RCSTA                                         (abs)        000FAB
_RCSTAbits                                     (abs)        000FAB
_SPBRG                                         (abs)        000FAF
_SPBRGH                                        (abs)        000FB0
_SYSTEM_Initialize                             text12       001A8E
_TRISA                                         (abs)        000F92
_TRISB                                         (abs)        000F93
_TRISC                                         (abs)        000F94
_TRISD                                         (abs)        000F95
_TRISE                                         (abs)        000F96
_TXREG                                         (abs)        000FAD
_TXSTA                                         (abs)        000FAC
_TXSTAbits                                     (abs)        000FAC
_WPUB                                          (abs)        000F7C
__HRAM                                         (abs)        000000
__H__absolute__                                __absolute__ 000000
__Habs1                                        abs1         000000
__Hbank0                                       bank0        000000
__Hbank1                                       bank1        000000
__Hbank10                                      bank10       000000
__Hbank11                                      bank11       000000
__Hbank12                                      bank12       000000
__Hbank13                                      bank13       000000
__Hbank14                                      bank14       000000
__Hbank15                                      bank15       000000
__Hbank2                                       bank2        000000
__Hbank3                                       bank3        000000
__Hbank4                                       bank4        000000
__Hbank5                                       bank5        000000
__Hbank6                                       bank6        000000
__Hbank7                                       bank7        000000
__Hbank8                                       bank8        000000
__Hbank9                                       bank9        000000
__Hbigbss                                      bigbss       000000
__Hbigdata                                     bigdata      000000
__Hbigram                                      bigram       000000
__Hbigsfr                                      bigsfr       000000
__Hbss                                         bss          000000
__HbssBANK0                                    bssBANK0     000000
__HbssCOMRAM                                   bssCOMRAM    000000
__Hcinit                                       cinit        000000
__Hclrtext                                     clrtext      000000
__Hcomram                                      comram       000000
__Hconfig                                      config       30000E
__Hconst                                       const        000000
__HcstackBANK0                                 cstackBANK0  000000
__HcstackCOMRAM                                cstackCOMRAM 000000
__Hdata                                        data         000000
__Heeprom_data                                 eeprom_data  000000
__Hfarbss                                      farbss       000000
__Hfardata                                     fardata      000000
__Hheap                                        heap         000000
__Hibigdata                                    ibigdata     000000
__Hidata                                       idata        000000
__Hidloc                                       idloc        200008
__Hifardata                                    ifardata     000000
__Hinit                                        init         000004
__Hintcode                                     intcode      000000
__Hintcode_body                                intcode_body 000000
__Hintcodelo                                   intcodelo    000000
__Hintentry                                    intentry     000000
__Hintret                                      intret       000000
__Hintsave_regs                                intsave_regs 000000
__Hirdata                                      irdata       000000
__Hmediumconst                                 mediumconst  000000
__HnvBANK0                                     nvBANK0      000000
__HnvFARRAM                                    nvFARRAM     000000
__Hnvbit                                       nvbit        000000
__Hnvrram                                      nvrram       000000
__Hparam                                       rparam       000000
__Hpowerup                                     powerup      000000
__Hram                                         ram          000000
__Hramtop                                      ramtop       001000
__Hrbit                                        rbit         000000
__Hrbss                                        rbss         000000
__Hrdata                                       rdata        000000
__Hreset_vec                                   reset_vec    000000
__Hrparam                                      rparam       000000
__Hsfr                                         sfr          000000
__Hsmallconst                                  smallconst   00101C
__Hspace_0                                     (abs)        001ACE
__Hspace_1                                     (abs)        0000C2
__Hspace_2                                     (abs)        000000
__Hspace_4                                     (abs)        60000E
__Hstack                                       stack        000000
__Hstruct                                      struct       000000
__Htemp                                        temp         000000
__Htext                                        text         000000
__Htext0                                       text0        000000
__Htext1                                       text1        000000
__Htext10                                      text10       000000
__Htext11                                      text11       000000
__Htext12                                      text12       000000
__Htext13                                      text13       000000
__Htext14                                      text14       000000
__Htext15                                      text15       000000
__Htext16                                      text16       000000
__Htext17                                      text17       000000
__Htext18                                      text18       000000
__Htext19                                      text19       000000
__Htext2                                       text2        000000
__Htext20                                      text20       000000
__Htext21                                      text21       000000
__Htext22                                      text22       000000
__Htext23                                      text23       000000
__Htext24                                      text24       000000
__Htext25                                      text25       000000
__Htext26                                      text26       000000
__Htext27                                      text27       000000
__Htext28                                      text28       000000
__Htext29                                      text29       000000
__Htext3                                       text3        000000
__Htext30                                      text30       000000
__Htext4                                       text4        000000
__Htext5                                       text5        000000
__Htext6                                       text6        000000
__Htext7                                       text7        000000
__Htext8                                       text8        000000
__Htext9                                       text9        000000
__LRAM                                         (abs)        000001
__L__absolute__                                __absolute__ 000000
__Labs1                                        abs1         000000
__Lbank0                                       bank0        000000
__Lbank1                                       bank1        000000
__Lbank10                                      bank10       000000
__Lbank11                                      bank11       000000
__Lbank12                                      bank12       000000
__Lbank13                                      bank13       000000
__Lbank14                                      bank14       000000
__Lbank15                                      bank15       000000
__Lbank2                                       bank2        000000
__Lbank3                                       bank3        000000
__Lbank4                                       bank4        000000
__Lbank5                                       bank5        000000
__Lbank6                                       bank6        000000
__Lbank7                                       bank7        000000
__Lbank8                                       bank8        000000
__Lbank9                                       bank9        000000
__Lbigbss                                      bigbss       000000
__Lbigdata                                     bigdata      000000
__Lbigram                                      bigram       000000
__Lbigsfr                                      bigsfr       000000
__Lbss                                         bss          000000
__LbssBANK0                                    bssBANK0     000000
__LbssCOMRAM                                   bssCOMRAM    000000
__Lcinit                                       cinit        000000
__Lclrtext                                     clrtext      000000
__Lcomram                                      comram       000000
__Lconfig                                      config       000000
__Lconst                                       const        000000
__LcstackBANK0                                 cstackBANK0  000000
__LcstackCOMRAM                                cstackCOMRAM 000000
__Ldata                                        data         000000
__Leeprom_data                                 eeprom_data  000000
__Lfarbss                                      farbss       000000
__Lfardata                                     fardata      000000
__Lheap                                        heap         000000
__Libigdata                                    ibigdata     000000
__Lidata                                       idata        000000
__Lidloc                                       idloc        000000
__Lifardata                                    ifardata     000000
__Linit                                        init         000000
__Lintcode                                     intcode      000000
__Lintcode_body                                intcode_body 000000
__Lintcodelo                                   intcodelo    000000
__Lintentry                                    intentry     000000
__Lintret                                      intret       000000
__Lintsave_regs                                intsave_regs 000000
__Lirdata                                      irdata       000000
__Lmediumconst                                 mediumconst  000000
__LnvBANK0                                     nvBANK0      000000
__LnvFARRAM                                    nvFARRAM     000000
__Lnvbit                                       nvbit        000000
__Lnvrram                                      nvrram       000000
__Lparam                                       rparam       000000
__Lpowerup                                     powerup      000000
__Lram                                         ram          000000
__Lramtop                                      ramtop       001000
__Lrbit                                        rbit         000000
__Lrbss                                        rbss         000000
__Lrdata                                       rdata        000000
__Lreset_vec                                   reset_vec    000000
__Lrparam                                      rparam       000000
__Lsfr                                         sfr          000000
__Lsmallconst                                  smallconst   001000
__Lspace_0                                     (abs)        000000
__Lspace_1                                     (abs)        000000
__Lspace_2                                     (abs)        000000
__Lspace_4                                     (abs)        000000
__Lstack                                       stack        000000
__Lstruct                                      struct       000000
__Ltemp                                        temp         000000
__Ltext                                        text         000000
__Ltext0                                       text0        000000
__Ltext1                                       text1        000000
__Ltext10                                      text10       000000
__Ltext11                                      text11       000000
__Ltext12                                      text12       000000
__Ltext13                                      text13       000000
__Ltext14                                      text14       000000
__Ltext15                                      text15       000000
__Ltext16                                      text16       000000
__Ltext17                                      text17       000000
__Ltext18                                      text18       000000
__Ltext19                                      text19       000000
__Ltext2                                       text2        000000
__Ltext20                                      text20       000000
__Ltext21                                      text21       000000
__Ltext22                                      text22       000000
__Ltext23                                      text23       000000
__Ltext24                                      text24       000000
__Ltext25                                      text25       000000
__Ltext26                                      text26       000000
__Ltext27                                      text27       000000
__Ltext28                                      text28       000000
__Ltext29                                      text29       000000
__Ltext3                                       text3        000000
__Ltext30                                      text30       000000
__Ltext4                                       text4        000000
__Ltext5                                       text5        000000
__Ltext6                                       text6        000000
__Ltext7                                       text7        000000
__Ltext8                                       text8        000000
__Ltext9                                       text9        000000
__S0                                           (abs)        001ACE
__S1                                           (abs)        0000C2
__S4                                           (abs)        000000
__S5                                           (abs)        000000
___awdiv                                       text11       0013A6
___awdiv@counter                               cstackCOMRAM 000005
___awdiv@dividend                              cstackCOMRAM 000001
___awdiv@divisor                               cstackCOMRAM 000003
___awdiv@quotient                              cstackCOMRAM 000007
___awdiv@sign                                  cstackCOMRAM 000006
___awmod                                       text10       00151A
___awmod@counter                               cstackCOMRAM 000005
___awmod@dividend                              cstackCOMRAM 000001
___awmod@divisor                               cstackCOMRAM 000003
___awmod@sign                                  cstackCOMRAM 000006
___heap_hi                                     (abs)        000000
___heap_lo                                     (abs)        000000
___inthi_sp                                    stack        000000
___intlo_sp                                    stack        000000
___lwdiv                                       text26       0016EE
___lwdiv@counter                               cstackCOMRAM 000007
___lwdiv@dividend                              cstackCOMRAM 000001
___lwdiv@divisor                               cstackCOMRAM 000003
___lwdiv@quotient                              cstackCOMRAM 000005
___lwmod                                       text25       001762
___lwmod@counter                               cstackCOMRAM 000005
___lwmod@dividend                              cstackCOMRAM 000001
___lwmod@divisor                               cstackCOMRAM 000003
___param_bank                                  (abs)        000000
___rparam_used                                 (abs)        000001
___sp                                          stack        000000
___wmul                                        text24       0019F2
___wmul@multiplicand                           cstackCOMRAM 000003
___wmul@multiplier                             cstackCOMRAM 000001
___wmul@product                                cstackCOMRAM 000005
__accesstop                                    (abs)        000060
__activetblptr                                 (abs)        000003
__end_of_ADC_GetConversion                     text30       001998
__end_of_ADC_Initialize                        text19       001A64
__end_of_ADC_IsConversionDone                  text29       001A8E
__end_of_ADC_SelectChannel                     text28       001A4E
__end_of_ADC_StartConversion                   text27       001ACC
__end_of_ConvertADCVoltage                     text23       001674
__end_of_EUSART_Initialize                     text15       001924
__end_of_EUSART_SetErrorHandler                text18       001AC8
__end_of_EUSART_SetFramingErrorHandler         text17       001ABE
__end_of_EUSART_SetOverrunErrorHandler         text16       001AB4
__end_of_EUSART_Write                          text21       00195E
__end_of_EUSART_WriteByte                      text22       001A7A
__end_of_EUSART_is_tx_ready                    text20       0019F2
__end_of_OSCILLATOR_Initialize                 text14       001AAA
__end_of_PIN_MANAGER_Initialize                text13       0019CA
__end_of_SYSTEM_Initialize                     text12       001AA0
__end_of___awdiv                               text11       00146A
__end_of___awmod                               text10       0015CA
__end_of___lwdiv                               text26       001762
__end_of___lwmod                               text25       0017C6
__end_of___wmul                                text24       001A18
__end_of__initialization                       cinit        001A30
__end_of_abs                                   text9        0018E6
__end_of_dtoa                                  text4        0011B0
__end_of_fputc                                 text7        0013A6
__end_of_fputs                                 text6        0018A6
__end_of_main                                  text0        00151A
__end_of_pad                                   text5        0016EE
__end_of_putch                                 text8        001ACE
__end_of_sprintf                               text1        001862
__end_of_vfpfcnvrt                             text3        0012DC
__end_of_vfprintf                              text2        001816
__initialization                               cinit        001A18
__mediumconst                                  mediumconst  000000
__pbssBANK0                                    bssBANK0     000092
__pbssCOMRAM                                   bssCOMRAM    000057
__pcinit                                       cinit        001A18
__pcstackBANK0                                 cstackBANK0  000060
__pcstackCOMRAM                                cstackCOMRAM 000001
__pnvBANK0                                     nvBANK0      0000BA
__psmallconst                                  smallconst   001000
__ptext0                                       text0        00146A
__ptext1                                       text1        001816
__ptext10                                      text10       00151A
__ptext11                                      text11       0013A6
__ptext12                                      text12       001A8E
__ptext13                                      text13       001998
__ptext14                                      text14       001AA0
__ptext15                                      text15       0018E6
__ptext16                                      text16       001AAA
__ptext17                                      text17       001AB4
__ptext18                                      text18       001ABE
__ptext19                                      text19       001A4E
__ptext2                                       text2        0017C6
__ptext20                                      text20       0019CA
__ptext21                                      text21       001924
__ptext22                                      text22       001A64
__ptext23                                      text23       0015CA
__ptext24                                      text24       0019F2
__ptext25                                      text25       001762
__ptext26                                      text26       0016EE
__ptext27                                      text27       001AC8
__ptext28                                      text28       001A36
__ptext29                                      text29       001A7A
__ptext3                                       text3        0011B0
__ptext30                                      text30       00195E
__ptext4                                       text4        00101C
__ptext5                                       text5        001674
__ptext6                                       text6        001862
__ptext7                                       text7        0012DC
__ptext8                                       text8        001ACC
__ptext9                                       text9        0018A6
__ramtop                                       ramtop       001000
__smallconst                                   smallconst   001000
_abs                                           text9        0018A6
_adcVoltValue                                  bssCOMRAM    000057
_adhundredth                                   bssCOMRAM    000059
_adones                                        bssBANK0     000096
_adtenth                                       bssCOMRAM    00005B
_convertedValue                                nvBANK0      0000C0
_dbuf                                          bssBANK0     00009A
_dtoa                                          text4        00101C
_dtoa$1102                                     cstackCOMRAM 000020
_eusartRxLastError                             bssCOMRAM    00005E
_flags                                         bssCOMRAM    00005D
_fputc                                         text7        0012DC
_fputs                                         text6        001862
_main                                          text0        00146A
_pad                                           text5        001674
_prec                                          bssBANK0     000094
_putch                                         text8        001ACC
_sprintf                                       text1        001816
_vfpfcnvrt                                     text3        0011B0
_vfprintf                                      text2        0017C6
_width                                         bssBANK0     000092
abs@a                                          cstackCOMRAM 000007
dtoa@d                                         cstackCOMRAM 00001E
dtoa@fp                                        cstackCOMRAM 00001C
dtoa@i                                         cstackCOMRAM 000026
dtoa@p                                         cstackCOMRAM 000022
dtoa@s                                         cstackCOMRAM 000028
dtoa@w                                         cstackCOMRAM 000024
end_of_initialization                          cinit        001A30
fputc@c                                        cstackCOMRAM 000001
fputc@fp                                       cstackCOMRAM 000003
fputs@c                                        cstackCOMRAM 00000E
fputs@fp                                       cstackCOMRAM 00000C
fputs@i                                        cstackCOMRAM 00000F
fputs@s                                        cstackCOMRAM 00000A
intlevel0                                      text         000000
intlevel1                                      text         000000
intlevel2                                      text         000000
intlevel3                                      text         000000
isa$std                                        (abs)        000001
isa$xinst                                      (abs)        000000
main@bufferWrite                               cstackBANK0  000060
pad@buf                                        cstackCOMRAM 000013
pad@fp                                         cstackCOMRAM 000011
pad@i                                          cstackCOMRAM 000018
pad@p                                          cstackCOMRAM 000015
pad@w                                          cstackCOMRAM 00001A
sprintf@ap                                     cstackCOMRAM 000049
sprintf@f                                      cstackCOMRAM 00004B
sprintf@fmt                                    cstackCOMRAM 000041
sprintf@s                                      cstackCOMRAM 00003F
stackhi                                        (abs)        000000
stacklo                                        (abs)        000000
start                                          init         000000
start_initialization                           cinit        001A18
vfpfcnvrt@ap                                   cstackCOMRAM 00002D
vfpfcnvrt@convarg                              cstackCOMRAM 000031
vfpfcnvrt@cp                                   cstackCOMRAM 000035
vfpfcnvrt@fmt                                  cstackCOMRAM 00002B
vfpfcnvrt@fp                                   cstackCOMRAM 000029
vfprintf@ap                                    cstackCOMRAM 00003B
vfprintf@cfmt                                  cstackCOMRAM 00003D
vfprintf@fmt                                   cstackCOMRAM 000039
vfprintf@fp                                    cstackCOMRAM 000037


MODULE INFORMATION

Module		Function		Class		Link	Load	Size
E:\Program Files\Microchip\xc8\v2.41\pic\sources\c99\common\doprnt.c
		_vfpfcnvrt     		CODE           	11B0	0000	300
		_pad           		CODE           	1674	0000	122
		_dtoa          		CODE           	101C	0000	404
		_vfprintf      		CODE           	17C6	0000	80

E:\Program Files\Microchip\xc8\v2.41\pic\sources\c99\common\doprnt.c estimated size: 906

E:\Program Files\Microchip\xc8\v2.41\pic\sources\c99\common\nf_fputs.c
		_fputs         		CODE           	1862	0000	68

E:\Program Files\Microchip\xc8\v2.41\pic\sources\c99\common\nf_fputs.c estimated size: 68

E:\Program Files\Microchip\xc8\v2.41\pic\sources\c99\common\Umul16.c
		___wmul        		CODE           	19F2	0000	38

E:\Program Files\Microchip\xc8\v2.41\pic\sources\c99\common\Umul16.c estimated size: 38

E:\Program Files\Microchip\xc8\v2.41\pic\sources\c99\common\lwmod.c
		___lwmod       		CODE           	1762	0000	100

E:\Program Files\Microchip\xc8\v2.41\pic\sources\c99\common\lwmod.c estimated size: 100

E:\Program Files\Microchip\xc8\v2.41\pic\sources\c99\common\putch.c
		_putch         		CODE           	1ACC	0000	2

E:\Program Files\Microchip\xc8\v2.41\pic\sources\c99\common\putch.c estimated size: 2

mcc_generated_files/pin_manager.c
		_PIN_MANAGER_Initialize		CODE           	1998	0000	50

mcc_generated_files/pin_manager.c estimated size: 50

E:\Program Files\Microchip\xc8\v2.41\pic\sources\c99\common\awmod.c
		___awmod       		CODE           	151A	0000	176

E:\Program Files\Microchip\xc8\v2.41\pic\sources\c99\common\awmod.c estimated size: 176

mcc_generated_files/adc.c
		_ADC_Initialize		CODE           	1A4E	0000	22
		_ADC_IsConversionDone		CODE           	1A7A	0000	20
		_ADC_GetConversion		CODE           	195E	0000	58
		_ADC_StartConversion		CODE           	1AC8	0000	4
		_ADC_SelectChannel		CODE           	1A36	0000	24

mcc_generated_files/adc.c estimated size: 128

E:\Program Files\Microchip\xc8\v2.41\pic\sources\c99\common\nf_sprintf.c
		_sprintf       		CODE           	1816	0000	76

E:\Program Files\Microchip\xc8\v2.41\pic\sources\c99\common\nf_sprintf.c estimated size: 76

E:\Program Files\Microchip\xc8\v2.41\pic\sources\c99\common\nf_fputc.c
		_fputc         		CODE           	12DC	0000	202

E:\Program Files\Microchip\xc8\v2.41\pic\sources\c99\common\nf_fputc.c estimated size: 202

E:\Program Files\Microchip\xc8\v2.41\pic\sources\c99\common\lwdiv.c
		___lwdiv       		CODE           	16EE	0000	116

E:\Program Files\Microchip\xc8\v2.41\pic\sources\c99\common\lwdiv.c estimated size: 116

E:\Program Files\Microchip\xc8\v2.41\pic\sources\c99\common\abs.c
		_abs           		CODE           	18A6	0000	64

E:\Program Files\Microchip\xc8\v2.41\pic\sources\c99\common\abs.c estimated size: 64

shared
		__initialization		CODE           	1A18	0000	24

shared estimated size: 24

mcc_generated_files/mcc.c
		_OSCILLATOR_Initialize		CODE           	1AA0	0000	10
		_SYSTEM_Initialize		CODE           	1A8E	0000	18

mcc_generated_files/mcc.c estimated size: 28

E:\Program Files\Microchip\xc8\v2.41\pic\sources\c99\common\awdiv.c
		___awdiv       		CODE           	13A6	0000	196

E:\Program Files\Microchip\xc8\v2.41\pic\sources\c99\common\awdiv.c estimated size: 196

mcc_generated_files/eusart.c
		_EUSART_Write  		CODE           	1924	0000	58
		_EUSART_WriteByte		CODE           	1A64	0000	22
		_EUSART_Initialize		CODE           	18E6	0000	62
		_EUSART_SetFramingErrorHandler		CODE           	1AB4	0000	10
		_EUSART_SetErrorHandler		CODE           	1ABE	0000	10
		_EUSART_SetOverrunErrorHandler		CODE           	1AAA	0000	10
		_EUSART_is_tx_ready		CODE           	19CA	0000	40

mcc_generated_files/eusart.c estimated size: 212

main.c
		_main          		CODE           	146A	0000	176
		_ConvertADCVoltage		CODE           	15CA	0000	170

main.c estimated size: 346

