Microchip MPLAB XC8 Compiler V2.41

Linker command line:

-W-3 \
  --edf=C:/Users/Unlimited/.mchp_packs/Microchip/PIC18F-K_DFP/1.11.281/xc8\pic\dat\20230721151103_en.msgs \
  -cn -h+dist/default/production\Blinking_led_timer.X.production.sym \
  --cmf=dist/default/production\Blinking_led_timer.X.production.cmf -z \
  -Q18F46K20 \
  -oC:\Users\Unlimited\AppData\Local\Temp\xcBs10eo.1\driver_tmp_3.o \
  --defsym=__MPLAB_BUILD=1 --fixupoverflow=error \
  -Mdist/default/production/Blinking_led_timer.X.production.map \
  --md=C:\Users\Unlimited\AppData\Local\Temp\xcBs10eo.1\driver_tmp_0.dat \
  -E1 -ver=XC8 Compiler --acfsm=1493 -ACODE=00h-0FFFFh -ACONST=00h-0FFFFh \
  -ASMALLCONST=01000h-010FFhx240 -AMEDIUMCONST=01000h-0FFFFh \
  -ACOMRAM=01h-05Fh -AABS1=00h-0F5Fh -ABIGRAM=01h-0F5Fh \
  -ARAM=060h-0FFh,0100h-01FFhx14,0F00h-0F5Fh -ABANK0=060h-0FFh \
  -ABANK1=0100h-01FFh -ABANK2=0200h-02FFh -ABANK3=0300h-03FFh \
  -ABANK4=0400h-04FFh -ABANK5=0500h-05FFh -ABANK6=0600h-06FFh \
  -ABANK7=0700h-07FFh -ABANK8=0800h-08FFh -ABANK9=0900h-09FFh \
  -ABANK10=0A00h-0AFFh -ABANK11=0B00h-0BFFh -ABANK12=0C00h-0CFFh \
  -ABANK13=0D00h-0DFFh -ABANK14=0E00h-0EFFh -ABANK15=0F00h-0F5Fh \
  -ASFR=0F60h-0FFFh -ABIGSFR=0F60h-0FFFh -ACONFIG=0300000h-030000Dh \
  -AIDLOC=0200000h-0200007h -AEEDATA=0F00000h-0F003FFh -peeprom_data=EEDATA \
  -preset_vec=00h,intcode=08h,intcodelo,powerup,init -pramtop=01000h \
  -psmallconst=SMALLCONST -pmediumconst=MEDIUMCONST -pconst=CONST \
  -AFARRAM=00h-00h \
  -prdata=COMRAM,nvrram=COMRAM,nvbit=COMRAM,rbss=COMRAM,rbit=COMRAM \
  -pfarbss=FARRAM,fardata=FARRAM,nvFARRAM=FARRAM \
  -pintsave_regs=BIGRAM,bigbss=BIGRAM,bigdata=BIGRAM -pbss=RAM \
  -pidata=CODE,irdata=CODE,ibigdata=CODE,ifardata=CODE -prparam=COMRAM \
  C:\Users\Unlimited\AppData\Local\Temp\xcBs10eo.1\driver_tmp_9.o \
  dist/default/production\Blinking_led_timer.X.production.o 

Object code version is 3.11

Machine type is 18F46K20



                Name                               Link     Load   Length Selector   Space Scale
C:\Users\Unlimited\AppData\Local\Temp\xcBs10eo.1\driver_tmp_9.o
                idloc                            200000   200000        8        0       5
                config                           300000   300000        E        0       4
                init                                 3E       3E        4        4       0
                reset_vec                             0        0        4        0       0
dist/default/production\Blinking_led_timer.X.production.o
                intcode                               8        8       36        4       0
                idloc                            200000   200000        8        0       5
                config                           300000   300000        E        0       4
                temp                                  C        C        1        1       1
                text12                              16E      16E        2        4       0
                text11                               D6       D6       28        4       0
                text10                               A8       A8       2E        4       0
                text9                               142      142       10        4       0
                text7                               16A      16A        4        4       0
                text6                               15C      15C        A        4       0
                text5                                78       78       30        4       0
                text4                               152      152        A        4       0
                text3                                42       42       36        4       0
                text2                               130      130       12        4       0
                text1                               166      166        4        4       0
                text0                                FE       FE       20        4       0
                cstackCOMRAM                          1        1        7        1       1
                bssCOMRAM                             A        A        2        1       1
                cinit                               11E      11E       12        4       0
                nvCOMRAM                              8        8        2        1       1

TOTAL           Name                               Link     Load   Length     Space
        CLASS   CODE           
                intcode                               8        8       36         0
                init                                 3E       3E        4         0
                reset_vec                             0        0        4         0
                text12                              16E      16E        2         0
                text11                               D6       D6       28         0
                text10                               A8       A8       2E         0
                text9                               142      142       10         0
                text7                               16A      16A        4         0
                text6                               15C      15C        A         0
                text5                                78       78       30         0
                text4                               152      152        A         0
                text3                                42       42       36         0
                text2                               130      130       12         0
                text1                               166      166        4         0
                text0                                FE       FE       20         0
                cinit                               11E      11E       12         0

        CLASS   CONST          

        CLASS   SMALLCONST     

        CLASS   MEDIUMCONST    

        CLASS   COMRAM         
                temp                                  C        C        1         1
                cstackCOMRAM                          1        1        7         1
                bssCOMRAM                             A        A        2         1
                nvCOMRAM                              8        8        2         1

        CLASS   ABS1           

        CLASS   BIGRAM         

        CLASS   RAM            

        CLASS   BANK0          

        CLASS   BANK1          

        CLASS   BANK2          

        CLASS   BANK3          

        CLASS   BANK4          

        CLASS   BANK5          

        CLASS   BANK6          

        CLASS   BANK7          

        CLASS   BANK8          

        CLASS   BANK9          

        CLASS   BANK10         

        CLASS   BANK11         

        CLASS   BANK12         

        CLASS   BANK13         

        CLASS   BANK14         

        CLASS   BANK15         

        CLASS   SFR            

        CLASS   BIGSFR         

        CLASS   CONFIG         
                config                           300000   300000        E         4

        CLASS   IDLOC          
                idloc                            200000   200000        8         5

        CLASS   EEDATA         

        CLASS   FARRAM         

        CLASS   HEAP           

        CLASS   STACK          



SEGMENTS        Name                           Load    Length   Top    Selector   Space  Class

                reset_vec                      000000  000004  000004         0       0  CODE    
                cstackCOMRAM                   000001  00000C  00000D         1       1  COMRAM  
                intcode                        000008  000168  000170         4       0  CODE    


UNUSED ADDRESS RANGES

        Name                Unused          Largest block    Delta
        BANK0            000060-0000FF               A0
        BANK1            000100-0001FF              100
        BANK10           000A00-000AFF              100
        BANK11           000B00-000BFF              100
        BANK12           000C00-000CFF              100
        BANK13           000D00-000DFF              100
        BANK14           000E00-000EFF              100
        BANK15           000F00-000F5F               60
        BANK2            000200-0002FF              100
        BANK3            000300-0003FF              100
        BANK4            000400-0004FF              100
        BANK5            000500-0005FF              100
        BANK6            000600-0006FF              100
        BANK7            000700-0007FF              100
        BANK8            000800-0008FF              100
        BANK9            000900-0009FF              100
        BIGRAM           00000D-000F5F              F53
        BIGSFR           000F60-000FFF               A0
        CODE             000004-000007                4
                         000170-00FFFF             FE90
        COMRAM           00000D-00005F               53
        CONST            000004-000007                4
                         000170-00FFFF             FE90
        EEDATA           F00000-F003FF              400
        MEDIUMCONST      001000-00FFFF             F000
        RAM              000060-000F5F              100
        SFR              000F60-000FFF               A0
        SMALLCONST       001000-00FFFF              100

                                  Symbol Table

TMR0_SetInterruptHandler@InterruptHandler cstackCOMRAM 000004
_ANSEL                                    (abs)        000F7E
_ANSELH                                   (abs)        000F7F
_INTCON2bits                              (abs)        000FF1
_INTCONbits                               (abs)        000FF2
_INTERRUPT_Initialize                     text7        00016A
_INTERRUPT_InterruptManager               intcode      000008
_LATA                                     (abs)        000F89
_LATB                                     (abs)        000F8A
_LATC                                     (abs)        000F8B
_LATCbits                                 (abs)        000F8B
_LATD                                     (abs)        000F8C
_LATE                                     (abs)        000F8D
_Led_toggile                              text11       0000D6
_OSCCON                                   (abs)        000FD3
_OSCILLATOR_Initialize                    text6        00015C
_OSCTUNE                                  (abs)        000F9B
_PIN_MANAGER_Initialize                   text5        000078
_RCONbits                                 (abs)        000FD0
_SYSTEM_Initialize                        text2        000130
_T0CON                                    (abs)        000FD5
_T0CONbits                                (abs)        000FD5
_TMR0H                                    (abs)        000FD7
_TMR0L                                    (abs)        000FD6
_TMR0_CallBack                            text10       0000A8
_TMR0_DefaultInterruptHandler             text12       00016E
_TMR0_ISR                                 text9        000142
_TMR0_Initialize                          text3        000042
_TMR0_InterruptHandler                    nvCOMRAM     000008
_TMR0_SetInterruptHandler                 text4        000152
_TMR0_StartTimer                          text1        000166
_TRISA                                    (abs)        000F92
_TRISB                                    (abs)        000F93
_TRISC                                    (abs)        000F94
_TRISD                                    (abs)        000F95
_TRISE                                    (abs)        000F96
_WPUB                                     (abs)        000F7C
__HRAM                                    (abs)        000000
__H__absolute__                           __absolute__ 000000
__Habs1                                   abs1         000000
__Hbank0                                  bank0        000000
__Hbank1                                  bank1        000000
__Hbank10                                 bank10       000000
__Hbank11                                 bank11       000000
__Hbank12                                 bank12       000000
__Hbank13                                 bank13       000000
__Hbank14                                 bank14       000000
__Hbank15                                 bank15       000000
__Hbank2                                  bank2        000000
__Hbank3                                  bank3        000000
__Hbank4                                  bank4        000000
__Hbank5                                  bank5        000000
__Hbank6                                  bank6        000000
__Hbank7                                  bank7        000000
__Hbank8                                  bank8        000000
__Hbank9                                  bank9        000000
__Hbigbss                                 bigbss       000000
__Hbigdata                                bigdata      000000
__Hbigram                                 bigram       000000
__Hbigsfr                                 bigsfr       000000
__Hbss                                    bss          000000
__HbssCOMRAM                              bssCOMRAM    000000
__Hcinit                                  cinit        000000
__Hclrtext                                clrtext      000000
__Hcomram                                 comram       000000
__Hconfig                                 config       30000E
__Hconst                                  const        000000
__HcstackCOMRAM                           cstackCOMRAM 000000
__Hdata                                   data         000000
__Heeprom_data                            eeprom_data  000000
__Hfarbss                                 farbss       000000
__Hfardata                                fardata      000000
__Hheap                                   heap         000000
__Hibigdata                               ibigdata     000000
__Hidata                                  idata        000000
__Hidloc                                  idloc        200008
__Hifardata                               ifardata     000000
__Hinit                                   init         000042
__Hintcode                                intcode      00003E
__Hintcode_body                           intcode_body 000000
__Hintcodelo                              intcodelo    00003E
__Hintentry                               intentry     000000
__Hintret                                 intret       000000
__Hintsave_regs                           intsave_regs 000000
__Hirdata                                 irdata       000000
__Hmediumconst                            mediumconst  000000
__HnvCOMRAM                               nvCOMRAM     000000
__HnvFARRAM                               nvFARRAM     000000
__Hnvbit                                  nvbit        000000
__Hnvrram                                 nvrram       000000
__Hparam                                  rparam       000000
__Hpowerup                                powerup      00003E
__Hram                                    ram          000000
__Hramtop                                 ramtop       001000
__Hrbit                                   rbit         000000
__Hrbss                                   rbss         000000
__Hrdata                                  rdata        000000
__Hreset_vec                              reset_vec    000004
__Hrparam                                 rparam       000000
__Hsfr                                    sfr          000000
__Hsmallconst                             smallconst   000000
__Hspace_0                                (abs)        001000
__Hspace_1                                (abs)        00000D
__Hspace_2                                (abs)        000000
__Hspace_4                                (abs)        60000E
__Hstack                                  stack        000000
__Hstruct                                 struct       000000
__Htemp                                   temp         00000D
__Htext                                   text         000000
__Htext0                                  text0        000000
__Htext1                                  text1        000000
__Htext10                                 text10       000000
__Htext11                                 text11       000000
__Htext12                                 text12       000000
__Htext13                                 text13       000000
__Htext2                                  text2        000000
__Htext3                                  text3        000000
__Htext4                                  text4        000000
__Htext5                                  text5        000000
__Htext6                                  text6        000000
__Htext7                                  text7        000000
__Htext9                                  text9        000000
__LRAM                                    (abs)        000001
__L__absolute__                           __absolute__ 000000
__Labs1                                   abs1         000000
__Lbank0                                  bank0        000000
__Lbank1                                  bank1        000000
__Lbank10                                 bank10       000000
__Lbank11                                 bank11       000000
__Lbank12                                 bank12       000000
__Lbank13                                 bank13       000000
__Lbank14                                 bank14       000000
__Lbank15                                 bank15       000000
__Lbank2                                  bank2        000000
__Lbank3                                  bank3        000000
__Lbank4                                  bank4        000000
__Lbank5                                  bank5        000000
__Lbank6                                  bank6        000000
__Lbank7                                  bank7        000000
__Lbank8                                  bank8        000000
__Lbank9                                  bank9        000000
__Lbigbss                                 bigbss       000000
__Lbigdata                                bigdata      000000
__Lbigram                                 bigram       000000
__Lbigsfr                                 bigsfr       000000
__Lbss                                    bss          000000
__LbssCOMRAM                              bssCOMRAM    000000
__Lcinit                                  cinit        000000
__Lclrtext                                clrtext      000000
__Lcomram                                 comram       000000
__Lconfig                                 config       000000
__Lconst                                  const        000000
__LcstackCOMRAM                           cstackCOMRAM 000000
__Ldata                                   data         000000
__Leeprom_data                            eeprom_data  000000
__Lfarbss                                 farbss       000000
__Lfardata                                fardata      000000
__Lheap                                   heap         000000
__Libigdata                               ibigdata     000000
__Lidata                                  idata        000000
__Lidloc                                  idloc        000000
__Lifardata                               ifardata     000000
__Linit                                   init         00003E
__Lintcode                                intcode      000008
__Lintcode_body                           intcode_body 000000
__Lintcodelo                              intcodelo    00003E
__Lintentry                               intentry     000000
__Lintret                                 intret       000000
__Lintsave_regs                           intsave_regs 000000
__Lirdata                                 irdata       000000
__Lmediumconst                            mediumconst  000000
__LnvCOMRAM                               nvCOMRAM     000000
__LnvFARRAM                               nvFARRAM     000000
__Lnvbit                                  nvbit        000000
__Lnvrram                                 nvrram       000000
__Lparam                                  rparam       000000
__Lpowerup                                powerup      00003E
__Lram                                    ram          000000
__Lramtop                                 ramtop       001000
__Lrbit                                   rbit         000000
__Lrbss                                   rbss         000000
__Lrdata                                  rdata        000000
__Lreset_vec                              reset_vec    000000
__Lrparam                                 rparam       000000
__Lsfr                                    sfr          000000
__Lsmallconst                             smallconst   000000
__Lspace_0                                (abs)        000000
__Lspace_1                                (abs)        000000
__Lspace_2                                (abs)        000000
__Lspace_4                                (abs)        000000
__Lstack                                  stack        000000
__Lstruct                                 struct       000000
__Ltemp                                   temp         00000C
__Ltext                                   text         000000
__Ltext0                                  text0        000000
__Ltext1                                  text1        000000
__Ltext10                                 text10       000000
__Ltext11                                 text11       000000
__Ltext12                                 text12       000000
__Ltext13                                 text13       000000
__Ltext2                                  text2        000000
__Ltext3                                  text3        000000
__Ltext4                                  text4        000000
__Ltext5                                  text5        000000
__Ltext6                                  text6        000000
__Ltext7                                  text7        000000
__Ltext9                                  text9        000000
__S0                                      (abs)        000170
__S1                                      (abs)        00000D
__S4                                      (abs)        000000
__S5                                      (abs)        000000
___heap_hi                                (abs)        000000
___heap_lo                                (abs)        000000
___inthi_sp                               stack        000000
___intlo_sp                               stack        000000
___param_bank                             (abs)        000000
___rparam_used                            (abs)        000001
___sp                                     stack        000000
__accesstop                               (abs)        000060
__activetblptr                            (abs)        000002
__end_of_INTERRUPT_Initialize             text7        00016E
__end_of_INTERRUPT_InterruptManager       intcode      00003E
__end_of_Led_toggile                      text11       0000FE
__end_of_OSCILLATOR_Initialize            text6        000166
__end_of_PIN_MANAGER_Initialize           text5        0000A8
__end_of_SYSTEM_Initialize                text2        000142
__end_of_TMR0_CallBack                    text10       0000D6
__end_of_TMR0_DefaultInterruptHandler     text12       000170
__end_of_TMR0_ISR                         text9        000152
__end_of_TMR0_Initialize                  text3        000078
__end_of_TMR0_SetInterruptHandler         text4        00015C
__end_of_TMR0_StartTimer                  text1        00016A
__end_of__initialization                  cinit        000122
__end_of_main                             text0        00011E
__initialization                          cinit        00011E
__mediumconst                             mediumconst  000000
__pbssCOMRAM                              bssCOMRAM    00000A
__pcinit                                  cinit        00011E
__pcstackCOMRAM                           cstackCOMRAM 000001
__pintcode                                intcode      000008
__pnvCOMRAM                               nvCOMRAM     000008
__ptext0                                  text0        0000FE
__ptext1                                  text1        000166
__ptext10                                 text10       0000A8
__ptext11                                 text11       0000D6
__ptext12                                 text12       00016E
__ptext13                                 text13       000000
__ptext2                                  text2        000130
__ptext3                                  text3        000042
__ptext4                                  text4        000152
__ptext5                                  text5        000078
__ptext6                                  text6        00015C
__ptext7                                  text7        00016A
__ptext9                                  text9        000142
__ramtop                                  ramtop       001000
__smallconst                              smallconst   000000
_main                                     text0        0000FE
_timer0ReloadVal                          bssCOMRAM    00000A
btemp                                     temp         00000C
end_of_initialization                     cinit        000122
int$flags                                 temp         00000C
intlevel0                                 text         000000
intlevel1                                 text         000000
intlevel2                                 text         000000
intlevel3                                 text         000000
isa$std                                   (abs)        000001
isa$xinst                                 (abs)        000000
stackhi                                   (abs)        000000
stacklo                                   (abs)        000000
start                                     init         00003E
start_initialization                      cinit        00011E
ttemp5                                    temp         00000D
ttemp6                                    temp         000010
ttemp7                                    temp         000014
wtemp8                                    temp         00000D


MODULE INFORMATION

Module		Function		Class		Link	Load	Size
mcc_generated_files/interrupt_manager.c
		_INTERRUPT_Initialize		CODE           	016A	0000	4
		_INTERRUPT_InterruptManager		CODE           	0008	0000	54

mcc_generated_files/interrupt_manager.c estimated size: 58

mcc_generated_files/tmr0.c
		_TMR0_SetInterruptHandler		CODE           	0152	0000	10
		_TMR0_DefaultInterruptHandler		CODE           	016E	0000	2
		_TMR0_CallBack 		CODE           	00A8	0000	46
		_TMR0_StartTimer		CODE           	0166	0000	4
		_TMR0_ISR      		CODE           	0142	0000	16
		_TMR0_Initialize		CODE           	0042	0000	54

mcc_generated_files/tmr0.c estimated size: 132

mcc_generated_files/pin_manager.c
		_PIN_MANAGER_Initialize		CODE           	0078	0000	48

mcc_generated_files/pin_manager.c estimated size: 48

shared
		__initialization		CODE           	011E	0000	4

shared estimated size: 4

mcc_generated_files/mcc.c
		_OSCILLATOR_Initialize		CODE           	015C	0000	10
		_SYSTEM_Initialize		CODE           	0130	0000	18

mcc_generated_files/mcc.c estimated size: 28

main.c
		_main          		CODE           	00FE	0000	32
		_Led_toggile   		CODE           	00D6	0000	40

main.c estimated size: 72

